// Jest Snapshot v1, https://goo.gl/fbAQLP

exports[`<AllProductPage /> component renders correctly 1`] = `ShallowWrapper {}`;
