// Jest Snapshot v1, https://goo.gl/fbAQLP

exports[`<FavoritesPage /> component renders correctly 1`] = `ShallowWrapper {}`;
